"rabbit@rabbit-1" true
"rabbit@rabbit-2" true
"rabbit@rabbit-3" true
